Archive member included because of file (symbol)

/opt/Freescale/KDS_v3/toolchain/bin/../lib/gcc/arm-none-eabi/4.8.4/armv6-m/libgcc.a(_udivsi3.o)
                              ./Generated_Code/UTIL1.o (__aeabi_uidiv)
/opt/Freescale/KDS_v3/toolchain/bin/../lib/gcc/arm-none-eabi/4.8.4/armv6-m/libgcc.a(_divsi3.o)
                              ./Generated_Code/UTIL1.o (__aeabi_idiv)
/opt/Freescale/KDS_v3/toolchain/bin/../lib/gcc/arm-none-eabi/4.8.4/armv6-m/libgcc.a(_dvmd_tls.o)
                              /opt/Freescale/KDS_v3/toolchain/bin/../lib/gcc/arm-none-eabi/4.8.4/armv6-m/libgcc.a(_udivsi3.o) (__aeabi_idiv0)
/opt/Freescale/KDS_v3/toolchain/bin/../lib/gcc/arm-none-eabi/4.8.4/armv6-m/libgcc.a(_arm_cmpsf2.o)
                              ./Generated_Code/UTIL1.o (__aeabi_fcmplt)
/opt/Freescale/KDS_v3/toolchain/bin/../lib/gcc/arm-none-eabi/4.8.4/armv6-m/libgcc.a(_fixunssfsi.o)
                              ./Generated_Code/UTIL1.o (__aeabi_f2uiz)
/opt/Freescale/KDS_v3/toolchain/bin/../lib/gcc/arm-none-eabi/4.8.4/armv6-m/libgcc.a(eqsf2.o)
                              /opt/Freescale/KDS_v3/toolchain/bin/../lib/gcc/arm-none-eabi/4.8.4/armv6-m/libgcc.a(_arm_cmpsf2.o) (__eqsf2)
/opt/Freescale/KDS_v3/toolchain/bin/../lib/gcc/arm-none-eabi/4.8.4/armv6-m/libgcc.a(gesf2.o)
                              /opt/Freescale/KDS_v3/toolchain/bin/../lib/gcc/arm-none-eabi/4.8.4/armv6-m/libgcc.a(_arm_cmpsf2.o) (__gesf2)
/opt/Freescale/KDS_v3/toolchain/bin/../lib/gcc/arm-none-eabi/4.8.4/armv6-m/libgcc.a(lesf2.o)
                              /opt/Freescale/KDS_v3/toolchain/bin/../lib/gcc/arm-none-eabi/4.8.4/armv6-m/libgcc.a(_arm_cmpsf2.o) (__lesf2)
/opt/Freescale/KDS_v3/toolchain/bin/../lib/gcc/arm-none-eabi/4.8.4/armv6-m/libgcc.a(mulsf3.o)
                              ./Generated_Code/UTIL1.o (__aeabi_fmul)
/opt/Freescale/KDS_v3/toolchain/bin/../lib/gcc/arm-none-eabi/4.8.4/armv6-m/libgcc.a(subsf3.o)
                              ./Generated_Code/UTIL1.o (__aeabi_fsub)
/opt/Freescale/KDS_v3/toolchain/bin/../lib/gcc/arm-none-eabi/4.8.4/armv6-m/libgcc.a(fixsfsi.o)
                              ./Generated_Code/UTIL1.o (__aeabi_f2iz)
/opt/Freescale/KDS_v3/toolchain/bin/../lib/gcc/arm-none-eabi/4.8.4/armv6-m/libgcc.a(floatunsisf.o)
                              ./Generated_Code/UTIL1.o (__aeabi_ui2f)
/opt/Freescale/KDS_v3/toolchain/bin/../lib/gcc/arm-none-eabi/4.8.4/armv6-m/libgcc.a(_clzsi2.o)
                              /opt/Freescale/KDS_v3/toolchain/bin/../lib/gcc/arm-none-eabi/4.8.4/armv6-m/libgcc.a(mulsf3.o) (__clzsi2)
/opt/Freescale/KDS_v3/toolchain/bin/../lib/gcc/arm-none-eabi/4.8.4/../../../../arm-none-eabi/lib/armv6-m/libg_s.a(lib_a-exit.o)
                              /opt/Freescale/KDS_v3/toolchain/bin/../lib/gcc/arm-none-eabi/4.8.4/../../../../arm-none-eabi/lib/armv6-m/crt0.o (exit)
/opt/Freescale/KDS_v3/toolchain/bin/../lib/gcc/arm-none-eabi/4.8.4/../../../../arm-none-eabi/lib/armv6-m/libg_s.a(lib_a-impure.o)
                              /opt/Freescale/KDS_v3/toolchain/bin/../lib/gcc/arm-none-eabi/4.8.4/../../../../arm-none-eabi/lib/armv6-m/libg_s.a(lib_a-exit.o) (_global_impure_ptr)
/opt/Freescale/KDS_v3/toolchain/bin/../lib/gcc/arm-none-eabi/4.8.4/../../../../arm-none-eabi/lib/armv6-m/libg_s.a(lib_a-init.o)
                              /opt/Freescale/KDS_v3/toolchain/bin/../lib/gcc/arm-none-eabi/4.8.4/../../../../arm-none-eabi/lib/armv6-m/crt0.o (__libc_init_array)
/opt/Freescale/KDS_v3/toolchain/bin/../lib/gcc/arm-none-eabi/4.8.4/../../../../arm-none-eabi/lib/armv6-m/libg_s.a(lib_a-memcpy-stub.o)
                              ./Generated_Code/queue.o (memcpy)
/opt/Freescale/KDS_v3/toolchain/bin/../lib/gcc/arm-none-eabi/4.8.4/../../../../arm-none-eabi/lib/armv6-m/libg_s.a(lib_a-memset.o)
                              /opt/Freescale/KDS_v3/toolchain/bin/../lib/gcc/arm-none-eabi/4.8.4/../../../../arm-none-eabi/lib/armv6-m/crt0.o (memset)
/opt/Freescale/KDS_v3/toolchain/bin/../lib/gcc/arm-none-eabi/4.8.4/../../../../arm-none-eabi/lib/armv6-m/libg_s.a(lib_a-rand.o)
                              ./Generated_Code/UTIL1.o (srand)
/opt/Freescale/KDS_v3/toolchain/bin/../lib/gcc/arm-none-eabi/4.8.4/../../../../arm-none-eabi/lib/armv6-m/libg_s.a(lib_a-strchr.o)
                              ./Generated_Code/UTIL1.o (strchr)
/opt/Freescale/KDS_v3/toolchain/bin/../lib/gcc/arm-none-eabi/4.8.4/../../../../arm-none-eabi/lib/armv6-m/libg_s.a(lib_a-strlen.o)
                              ./Generated_Code/UTIL1.o (strlen)
/opt/Freescale/KDS_v3/toolchain/bin/../lib/gcc/arm-none-eabi/4.8.4/../../../../arm-none-eabi/lib/armv6-m/libg_s.a(lib_a-strncmp.o)
                              ./Generated_Code/UTIL1.o (strncmp)
/opt/Freescale/KDS_v3/toolchain/bin/../lib/gcc/arm-none-eabi/4.8.4/../../../../arm-none-eabi/lib/armv6-m/libg_s.a(lib_a-malloc.o)
                              /opt/Freescale/KDS_v3/toolchain/bin/../lib/gcc/arm-none-eabi/4.8.4/../../../../arm-none-eabi/lib/armv6-m/libg_s.a(lib_a-rand.o) (malloc)
[...]
Memory Configuration

Name             Origin             Length             Attributes
m_interrupts     0x00000000         0x000000c0         xr
m_text           0x00000410         0x0001fbf0         xr
m_data           0x1ffff000         0x00004000         rw
m_cfmprotrom     0x00000400         0x00000010         xr
*default*        0x00000000         0xffffffff

Linker script and memory map

LOAD /opt/Freescale/KDS_v3/toolchain/bin/../lib/gcc/arm-none-eabi/4.8.4/armv6-m/crti.o
LOAD /opt/Freescale/KDS_v3/toolchain/bin/../lib/gcc/arm-none-eabi/4.8.4/armv6-m/crtbegin.o
LOAD /opt/Freescale/KDS_v3/toolchain/bin/../lib/gcc/arm-none-eabi/4.8.4/../../../../arm-none-eabi/lib/armv6-m/crt0.o
LOAD ./Sources/Events.o
LOAD ./Sources/HMI.o
LOAD ./Sources/frtos_tasks.o
LOAD ./Sources/main.o
LOAD ./Project_Settings/Startup_Code/startup.o
LOAD ./Generated_Code/BitIoLdd1.o
LOAD ./Generated_Code/BitIoLdd2.o
LOAD ./Generated_Code/BitIoLdd3.o
LOAD ./Generated_Code/BitIoLdd4.o
LOAD ./Generated_Code/Button.o
LOAD ./Generated_Code/Cpu.o
LOAD ./Generated_Code/FRTOS1.o
LOAD ./Generated_Code/LED_Blue.o
LOAD ./Generated_Code/LED_Green.o
LOAD ./Generated_Code/LED_Red.o
LOAD ./Generated_Code/MCUC1.o
LOAD ./Generated_Code/PE_LDD.o
LOAD ./Generated_Code/TSK1.o
LOAD ./Generated_Code/UTIL1.o
LOAD ./Generated_Code/Vectors.o
LOAD ./Generated_Code/croutine.o
LOAD ./Generated_Code/event_groups.o
LOAD ./Generated_Code/heap_1.o
LOAD ./Generated_Code/heap_2.o
LOAD ./Generated_Code/heap_3.o
LOAD ./Generated_Code/heap_4.o
LOAD ./Generated_Code/heap_5.o
LOAD ./Generated_Code/heap_useNewlib.o
LOAD ./Generated_Code/list.o
LOAD ./Generated_Code/mpu_wrappers.o
LOAD ./Generated_Code/port.o
LOAD ./Generated_Code/queue.o
LOAD ./Generated_Code/tasks.o
LOAD ./Generated_Code/timers.o
LOAD /opt/Freescale/KDS_v3/toolchain/bin/../lib/gcc/arm-none-eabi/4.8.4/../../../../arm-none-eabi/lib/armv6-m/libstdc++_s.a
LOAD /opt/Freescale/KDS_v3/toolchain/bin/../lib/gcc/arm-none-eabi/4.8.4/../../../../arm-none-eabi/lib/armv6-m/libm.a
START GROUP
LOAD /opt/Freescale/KDS_v3/toolchain/bin/../lib/gcc/arm-none-eabi/4.8.4/armv6-m/libgcc.a
LOAD /opt/Freescale/KDS_v3/toolchain/bin/../lib/gcc/arm-none-eabi/4.8.4/../../../../arm-none-eabi/lib/armv6-m/libg_s.a
LOAD /opt/Freescale/KDS_v3/toolchain/bin/../lib/gcc/arm-none-eabi/4.8.4/../../../../arm-none-eabi/lib/armv6-m/libc_s.a
END GROUP
START GROUP
LOAD /opt/Freescale/KDS_v3/toolchain/bin/../lib/gcc/arm-none-eabi/4.8.4/armv6-m/libgcc.a
LOAD /opt/Freescale/KDS_v3/toolchain/bin/../lib/gcc/arm-none-eabi/4.8.4/../../../../arm-none-eabi/lib/armv6-m/libc_s.a
LOAD /opt/Freescale/KDS_v3/toolchain/bin/../lib/gcc/arm-none-eabi/4.8.4/../../../../arm-none-eabi/lib/armv6-m/libnosys.a
END GROUP
START GROUP
LOAD /opt/Freescale/KDS_v3/toolchain/bin/../lib/gcc/arm-none-eabi/4.8.4/armv6-m/libgcc.a
LOAD /opt/Freescale/KDS_v3/toolchain/bin/../lib/gcc/arm-none-eabi/4.8.4/../../../../arm-none-eabi/lib/armv6-m/libc_s.a
LOAD /opt/Freescale/KDS_v3/toolchain/bin/../lib/gcc/arm-none-eabi/4.8.4/../../../../arm-none-eabi/lib/armv6-m/libnosys.a
END GROUP
LOAD /opt/Freescale/KDS_v3/toolchain/bin/../lib/gcc/arm-none-eabi/4.8.4/armv6-m/crtend.o
LOAD /opt/Freescale/KDS_v3/toolchain/bin/../lib/gcc/arm-none-eabi/4.8.4/armv6-m/crtn.o
                0x20003000                _estack = 0x20003000
                0x20003000                __SP_INIT = _estack
                0x20003000                __stack = _estack
                0x00000000                __heap_size = 0x0
                0x00000400                __stack_size = 0x400

.interrupts     0x00000000       0xc0
                0x00000000                __vector_table = .
                0x00000000                . = ALIGN (0x4)
 *(.vectortable)
 .vectortable   0x00000000       0xc0 ./Generated_Code/Vectors.o
                0x00000000                __vect_table
                0x000000c0                . = ALIGN (0x4)

.cfmprotect     0x00000400       0x10
                0x00000400                . = ALIGN (0x4)
 *(.cfmconfig)
 .cfmconfig     0x00000400       0x10 ./Generated_Code/Cpu.o
                0x00000400                _cfm
                0x00000410                . = ALIGN (0x4)

.text           0x00000410     0x167c
                0x00000410                . = ALIGN (0x4)
 *(.text)
 .text          0x00000410       0x60 /opt/Freescale/KDS_v3/toolchain/bin/../lib/gcc/arm-none-eabi/4.8.4/armv6-m/crtbegin.o
 .text          0x00000470       0x78 /opt/Freescale/KDS_v3/toolchain/bin/../lib/gcc/arm-none-eabi/4.8.4/../../../../arm-none-eabi/lib/armv6-m/crt0.o
                0x00000470                _mainCRTStartup
                0x00000470                _start
 *(.text*)
 .text.Cpu_OnNMIINT
                0x000004e8        0x8 ./Sources/Events.o
                0x000004e8                Cpu_OnNMIINT
 .text.FRTOS1_vApplicationStackOverflowHook
                0x000004f0       0x10 ./Sources/Events.o
                0x000004f0                FRTOS1_vApplicationStackOverflowHook
 .text.FRTOS1_vApplicationTickHook
                0x00000500        0x8 ./Sources/Events.o
                0x00000500                FRTOS1_vApplicationTickHook
 .text.FRTOS1_vApplicationIdleHook
                0x00000508        0x8 ./Sources/Events.o
                0x00000508                FRTOS1_vApplicationIdleHook
 .text.FRTOS1_vApplicationMallocFailedHook
                0x00000510        0x8 ./Sources/Events.o
                0x00000510                FRTOS1_vApplicationMallocFailedHook
 .text.setLed   0x00000518       0xd8 ./Sources/HMI.o
                0x00000518                setLed
 .text.HMITask  0x000005f0       0x5c ./Sources/frtos_tasks.o
 .text.CreateTasks
                0x0000064c       0x38 ./Sources/frtos_tasks.o
                0x0000064c                CreateTasks
 .text.main     0x00000684       0x10 ./Sources/main.o
                0x00000684                main
 .text.__copy_rom_section
                0x00000694       0xd8 ./Project_Settings/Startup_Code/startup.o
                0x00000694                __copy_rom_section
 .text.__copy_rom_sections_to_ram
                0x0000076c       0x98 ./Project_Settings/Startup_Code/startup.o
                0x0000076c                __copy_rom_sections_to_ram
 .text.__init_registers
                0x00000804        0x8 ./Project_Settings/Startup_Code/startup.o
                0x00000804                __init_registers
 .text.__init_user
                0x0000080c        0x8 ./Project_Settings/Startup_Code/startup.o
                0x0000080c                __init_user
 .text.__thumb_startup
                0x00000814       0x30 ./Project_Settings/Startup_Code/startup.o
                0x00000814                __thumb_startup
 .text.BitIoLdd1_Init
                0x00000844       0x68 ./Generated_Code/BitIoLdd1.o
                0x00000844                BitIoLdd1_Init
 .text.BitIoLdd1_PutVal
                0x000008ac       0x34 ./Generated_Code/BitIoLdd1.o
                0x000008ac                BitIoLdd1_PutVal
 .text.BitIoLdd2_Init
                0x000008e0       0x68 ./Generated_Code/BitIoLdd2.o
                0x000008e0                BitIoLdd2_Init
 .text.BitIoLdd2_PutVal
                0x00000948       0x34 ./Generated_Code/BitIoLdd2.o
                0x00000948                BitIoLdd2_PutVal
 .text.BitIoLdd3_Init
                0x0000097c       0x60 ./Generated_Code/BitIoLdd3.o
                0x0000097c                BitIoLdd3_Init
 .text.BitIoLdd3_PutVal
                0x000009dc       0x30 ./Generated_Code/BitIoLdd3.o
                0x000009dc                BitIoLdd3_PutVal
 .text.BitIoLdd4_Init
                0x00000a0c       0x58 ./Generated_Code/BitIoLdd4.o
                0x00000a0c                BitIoLdd4_Init
 .text.BitIoLdd4_GetVal
                0x00000a64       0x28 ./Generated_Code/BitIoLdd4.o
                0x00000a64                BitIoLdd4_GetVal
 .text.Cpu_INT_NMIInterrupt
                0x00000a8c        0xc ./Generated_Code/Cpu.o
                0x00000a8c                Cpu_INT_NMIInterrupt
 .text.Cpu_Interrupt
                0x00000a98        0xc ./Generated_Code/Cpu.o
                0x00000a98                Cpu_Interrupt
 .text.__init_hardware
                0x00000aa4      0x110 ./Generated_Code/Cpu.o
                0x00000aa4                __init_hardware
 .text.PE_low_level_init
                0x00000bb4       0xb0 ./Generated_Code/Cpu.o
                0x00000bb4                PE_low_level_init
 .text.FRTOS1_Init
                0x00000c64       0x10 ./Generated_Code/FRTOS1.o
                0x00000c64                FRTOS1_Init
 .text.TSK1_CreateTasks
                0x00000c74        0xc ./Generated_Code/TSK1.o
                0x00000c74                TSK1_CreateTasks
 .text.pvPortMalloc
                0x00000c80      0x124 ./Generated_Code/heap_2.o
                0x00000c80                pvPortMalloc
 .text.vPortFree
                0x00000da4       0x70 ./Generated_Code/heap_2.o
                0x00000da4                vPortFree
 .text.prvHeapInit
                0x00000e14       0x4c ./Generated_Code/heap_2.o
 .text.vListInitialise
                0x00000e60       0x3c ./Generated_Code/list.o
                0x00000e60                vListInitialise
 .text.vListInitialiseItem
                0x00000e9c       0x14 ./Generated_Code/list.o
                0x00000e9c                vListInitialiseItem
 .text.vListInsertEnd
                0x00000eb0       0x44 ./Generated_Code/list.o
                0x00000eb0                vListInsertEnd
 .text.vListInsert
                0x00000ef4       0x6c ./Generated_Code/list.o
                0x00000ef4                vListInsert
 .text.uxListRemove
                0x00000f60       0x50 ./Generated_Code/list.o
                0x00000f60                uxListRemove
 .text.pxPortInitialiseStack
                0x00000fb0       0x50 ./Generated_Code/port.o
                0x00000fb0                pxPortInitialiseStack
 .text.vPortInitTickTimer
                0x00001000       0x44 ./Generated_Code/port.o
                0x00001000                vPortInitTickTimer
 .text.vPortStartTickTimer
                0x00001044       0x14 ./Generated_Code/port.o
                0x00001044                vPortStartTickTimer
 .text.vPortStopTickTimer
                0x00001058       0x14 ./Generated_Code/port.o
                0x00001058                vPortStopTickTimer
 .text.xPortStartScheduler
                0x0000106c       0x34 ./Generated_Code/port.o
                0x0000106c                xPortStartScheduler
 .text.vPortEnterCritical
                0x000010a0       0x20 ./Generated_Code/port.o
                0x000010a0                vPortEnterCritical
 .text.vPortExitCritical
                0x000010c0       0x20 ./Generated_Code/port.o
                0x000010c0                vPortExitCritical
 .text.vPortYieldFromISR
                0x000010e0       0x1c ./Generated_Code/port.o
                0x000010e0                vPortYieldFromISR
 .text.vPortTickHandler
                0x000010fc       0x1c ./Generated_Code/port.o
                0x000010fc                vPortTickHandler
 *fill*         0x00001118        0x8 
 .text.vPortStartFirstTask
                0x00001120       0x40 ./Generated_Code/port.o
                0x00001120                vPortStartFirstTask
 .text.vPortPendSVHandler
                0x00001160       0x44 ./Generated_Code/port.o
                0x00001160                vPortPendSVHandler
 .text.xTaskCreate
                0x000011a4       0x90 ./Generated_Code/tasks.o
                0x000011a4                xTaskCreate
 .text.prvInitialiseNewTask
                0x00001234      0x108 ./Generated_Code/tasks.o
 .text.prvAddNewTaskToReadyList
                0x0000133c       0xc4 ./Generated_Code/tasks.o
 .text.vTaskDelay
                0x00001400       0x48 ./Generated_Code/tasks.o
                0x00001400                vTaskDelay
 .text.vTaskStartScheduler
                0x00001448       0x6c ./Generated_Code/tasks.o
                0x00001448                vTaskStartScheduler
 .text.vTaskSuspendAll
                0x000014b4       0x18 ./Generated_Code/tasks.o
                0x000014b4                vTaskSuspendAll
 .text.xTaskResumeAll
                0x000014cc      0x118 ./Generated_Code/tasks.o
                0x000014cc                xTaskResumeAll
 .text.xTaskIncrementTick
                0x000015e4      0x178 ./Generated_Code/tasks.o
                0x000015e4                xTaskIncrementTick
 .text.vTaskSwitchContext
                0x0000175c       0xc4 ./Generated_Code/tasks.o
                0x0000175c                vTaskSwitchContext
 .text.prvIdleTask
                0x00001820       0x24 ./Generated_Code/tasks.o
 .text.prvInitialiseTaskLists
                0x00001844       0x7c ./Generated_Code/tasks.o
 .text.prvCheckTasksWaitingTermination
                0x000018c0        0x8 ./Generated_Code/tasks.o
 .text.prvResetNextTaskUnblockTime
                0x000018c8       0x44 ./Generated_Code/tasks.o
 .text.prvAddCurrentTaskToDelayedList
                0x0000190c       0xa8 ./Generated_Code/tasks.o
 .text.exit     0x000019b4       0x2c /opt/Freescale/KDS_v3/toolchain/bin/../lib/gcc/arm-none-eabi/4.8.4/../../../../arm-none-eabi/lib/armv6-m/libg_s.a(lib_a-exit.o)
                0x000019b4                exit
 .text.__libc_init_array
                0x000019e0       0x4c /opt/Freescale/KDS_v3/toolchain/bin/../lib/gcc/arm-none-eabi/4.8.4/../../../../arm-none-eabi/lib/armv6-m/libg_s.a(lib_a-init.o)
                0x000019e0                __libc_init_array
 .text.memset   0x00001a2c       0x10 /opt/Freescale/KDS_v3/toolchain/bin/../lib/gcc/arm-none-eabi/4.8.4/../../../../arm-none-eabi/lib/armv6-m/libg_s.a(lib_a-memset.o)
                0x00001a2c                memset
 .text._exit    0x00001a3c        0x4 /opt/Freescale/KDS_v3/toolchain/bin/../lib/gcc/arm-none-eabi/4.8.4/../../../../arm-none-eabi/lib/armv6-m/libnosys.a(_exit.o)
                0x00001a3c                _exit
 *(.rodata)
 .rodata        0x00001a40        0x4 ./Sources/frtos_tasks.o
 .rodata        0x00001a44        0x8 ./Generated_Code/tasks.o
 *(.rodata*)
 .rodata.setLed
                0x00001a4c       0x20 ./Sources/HMI.o
 .rodata.str1.1
                0x00001a6c        0x2 /opt/Freescale/KDS_v3/toolchain/bin/../lib/gcc/arm-none-eabi/4.8.4/../../../../arm-none-eabi/lib/armv6-m/libg_s.a(lib_a-impure.o)
 *fill*         0x00001a6e        0x2 
 .rodata._global_impure_ptr
                0x00001a70        0x4 /opt/Freescale/KDS_v3/toolchain/bin/../lib/gcc/arm-none-eabi/4.8.4/../../../../arm-none-eabi/lib/armv6-m/libg_s.a(lib_a-impure.o)
                0x00001a70                _global_impure_ptr
 *(.glue_7)
 .glue_7        0x00000000        0x0 linker stubs
 *(.glue_7t)
 .glue_7t       0x00000000        0x0 linker stubs
 *(.eh_frame)
 .eh_frame      0x00001a74        0x0 /opt/Freescale/KDS_v3/toolchain/bin/../lib/gcc/arm-none-eabi/4.8.4/armv6-m/crtbegin.o
 *(.init)
 .init          0x00001a74        0x4 /opt/Freescale/KDS_v3/toolchain/bin/../lib/gcc/arm-none-eabi/4.8.4/armv6-m/crti.o
                0x00001a74                _init
 .init          0x00001a78        0x8 /opt/Freescale/KDS_v3/toolchain/bin/../lib/gcc/arm-none-eabi/4.8.4/armv6-m/crtn.o
 *(.fini)
 .fini          0x00001a80        0x4 /opt/Freescale/KDS_v3/toolchain/bin/../lib/gcc/arm-none-eabi/4.8.4/armv6-m/crti.o
                0x00001a80                _fini
 .fini          0x00001a84        0x8 /opt/Freescale/KDS_v3/toolchain/bin/../lib/gcc/arm-none-eabi/4.8.4/armv6-m/crtn.o
                0x00001a8c                . = ALIGN (0x4)
                0x00001a8c                _etext = .

.vfp11_veneer   0x00001a8c        0x0
 .vfp11_veneer  0x00000000        0x0 linker stubs

.v4_bx          0x00001a8c        0x0
 .v4_bx         0x00000000        0x0 linker stubs

.iplt           0x00001a8c        0x0
 .iplt          0x00000000        0x0 /opt/Freescale/KDS_v3/toolchain/bin/../lib/gcc/arm-none-eabi/4.8.4/armv6-m/crtbegin.o

.ARM.extab
 *(.ARM.extab* .gnu.linkonce.armextab.*)

.ARM            0x00001a8c        0x8
                0x00001a8c                __exidx_start = .
 *(.ARM.exidx*)
 .ARM.exidx     0x00001a8c        0x8 /opt/Freescale/KDS_v3/toolchain/bin/../lib/gcc/arm-none-eabi/4.8.4/../../../../arm-none-eabi/lib/armv6-m/crt0.o
                0x00001a94                __exidx_end = .

.rel.dyn        0x00001a94        0x0
 .rel.iplt      0x00000000        0x0 /opt/Freescale/KDS_v3/toolchain/bin/../lib/gcc/arm-none-eabi/4.8.4/armv6-m/crtbegin.o

.ctors          0x00001a94        0x0
                0x00001a94                __CTOR_LIST__ = .
 *crtbegin.o(.ctors)
 *(EXCLUDE_FILE(*crtend.o) .ctors)
 *(SORT(.ctors.*))
 *(.ctors)
                0x00001a94                __CTOR_END__ = .

.dtors          0x00001a94        0x0
                0x00001a94                __DTOR_LIST__ = .
 *crtbegin.o(.dtors)
 *(EXCLUDE_FILE(*crtend.o) .dtors)
 *(SORT(.dtors.*))
 *(.dtors)
                0x00001a94                __DTOR_END__ = .

.preinit_array  0x00001a94        0x0
                0x00001a94                PROVIDE (__preinit_array_start, .)
 *(.preinit_array*)
                0x00001a94                PROVIDE (__preinit_array_end, .)

.init_array     0x00001a94        0x4
                0x00001a94                PROVIDE (__init_array_start, .)
 *(SORT(.init_array.*))
 *(.init_array*)
 .init_array    0x00001a94        0x4 /opt/Freescale/KDS_v3/toolchain/bin/../lib/gcc/arm-none-eabi/4.8.4/armv6-m/crtbegin.o
                0x00001a98                PROVIDE (__init_array_end, .)

.fini_array     0x00001a98        0x4
                0x00001a98                PROVIDE (__fini_array_start, .)
 *(SORT(.fini_array.*))
 *(.fini_array*)
 .fini_array    0x00001a98        0x4 /opt/Freescale/KDS_v3/toolchain/bin/../lib/gcc/arm-none-eabi/4.8.4/armv6-m/crtbegin.o
                0x00001a9c                PROVIDE (__fini_array_end, .)
                0x00001a9c                ___ROM_AT = .

.mtb            0x1ffff000        0x0
                0x1ffff000                . = ALIGN (0x8)
                0x1ffff000                _mtb_start = .
 *(.mtb_buf)
                0x1ffff000                . = ALIGN (0x8)
                0x1ffff000                _mtb_end = .

.data           0x1ffff000       0x6c load address 0x00001a9c
                0x1ffff000                . = ALIGN (0x4)
                0x1ffff000                _sdata = .
 *(.data)
 *(.data*)
 .data.red      0x1ffff000        0x1 ./Sources/HMI.o
                0x1ffff000                red
 .data.green    0x1ffff001        0x1 ./Sources/HMI.o
                0x1ffff001                green
 .data.blue     0x1ffff002        0x1 ./Sources/HMI.o
                0x1ffff002                blue
 *fill*         0x1ffff003        0x1 
 .data.xFreeBytesRemaining
                0x1ffff004        0x4 ./Generated_Code/heap_2.o
 .data.uxCriticalNesting
                0x1ffff008        0x4 ./Generated_Code/port.o
 .data.impure_data
                0x1ffff00c       0x60 /opt/Freescale/KDS_v3/toolchain/bin/../lib/gcc/arm-none-eabi/4.8.4/../../../../arm-none-eabi/lib/armv6-m/libg_s.a(lib_a-impure.o)
                0x1ffff06c                . = ALIGN (0x4)
                0x1ffff06c                _edata = .
                0x0000006c                ___data_size = (_edata - _sdata)

.jcr            0x1ffff06c        0x0 load address 0x00001b08
 .jcr           0x1ffff06c        0x0 /opt/Freescale/KDS_v3/toolchain/bin/../lib/gcc/arm-none-eabi/4.8.4/armv6-m/crtbegin.o

.igot.plt       0x1ffff06c        0x0 load address 0x00001b08
 .igot.plt      0x00000000        0x0 /opt/Freescale/KDS_v3/toolchain/bin/../lib/gcc/arm-none-eabi/4.8.4/armv6-m/crtbegin.o
                0x1ffff06c                . = ALIGN (0x4)

.bss            0x1ffff06c     0x10f0 load address 0x00001b08
                0x1ffff06c                __START_BSS = .
                0x1ffff06c                PROVIDE (__bss_start__, __START_BSS)
 *(.bss)
 .bss           0x1ffff06c       0x1c /opt/Freescale/KDS_v3/toolchain/bin/../lib/gcc/arm-none-eabi/4.8.4/armv6-m/crtbegin.o
 *(.bss*)
 .bss.DeviceDataPrv__DEFAULT_RTOS_ALLOC
                0x1ffff088        0x4 ./Generated_Code/BitIoLdd1.o
 .bss.DeviceDataPrv__DEFAULT_RTOS_ALLOC
                0x1ffff08c        0x4 ./Generated_Code/BitIoLdd2.o
 .bss.DeviceDataPrv__DEFAULT_RTOS_ALLOC
                0x1ffff090        0x4 ./Generated_Code/BitIoLdd3.o
 .bss.DeviceDataPrv__DEFAULT_RTOS_ALLOC
                0x1ffff094        0x4 ./Generated_Code/BitIoLdd4.o
 .bss.PE_LDD_DeviceDataList
                0x1ffff098       0x10 ./Generated_Code/PE_LDD.o
                0x1ffff098                PE_LDD_DeviceDataList
 .bss.ucHeap    0x1ffff0a8      0xfa0 ./Generated_Code/heap_2.o
 .bss.xStart    0x20000048        0x8 ./Generated_Code/heap_2.o
 .bss.xEnd      0x20000050        0x8 ./Generated_Code/heap_2.o
 .bss.xHeapHasBeenInitialised.6178
                0x20000058        0x4 ./Generated_Code/heap_2.o
 .bss.pxCurrentTCB
                0x2000005c        0x4 ./Generated_Code/tasks.o
                0x2000005c                pxCurrentTCB
 .bss.pxReadyTasksLists
                0x20000060       0x78 ./Generated_Code/tasks.o
 .bss.xDelayedTaskList1
                0x200000d8       0x14 ./Generated_Code/tasks.o
 .bss.xDelayedTaskList2
                0x200000ec       0x14 ./Generated_Code/tasks.o
 .bss.pxDelayedTaskList
                0x20000100        0x4 ./Generated_Code/tasks.o
 .bss.pxOverflowDelayedTaskList
                0x20000104        0x4 ./Generated_Code/tasks.o
 .bss.xPendingReadyList
                0x20000108       0x14 ./Generated_Code/tasks.o
 .bss.xSuspendedTaskList
                0x2000011c       0x14 ./Generated_Code/tasks.o
 .bss.uxCurrentNumberOfTasks
                0x20000130        0x4 ./Generated_Code/tasks.o
 .bss.xTickCount
                0x20000134        0x4 ./Generated_Code/tasks.o
 .bss.uxTopReadyPriority
                0x20000138        0x4 ./Generated_Code/tasks.o
 .bss.xSchedulerRunning
                0x2000013c        0x4 ./Generated_Code/tasks.o
 .bss.uxPendedTicks
                0x20000140        0x4 ./Generated_Code/tasks.o
 .bss.xYieldPending
                0x20000144        0x4 ./Generated_Code/tasks.o
 .bss.xNumOfOverflows
                0x20000148        0x4 ./Generated_Code/tasks.o
 .bss.uxTaskNumber
                0x2000014c        0x4 ./Generated_Code/tasks.o
 .bss.xNextTaskUnblockTime
                0x20000150        0x4 ./Generated_Code/tasks.o
 .bss.xIdleTaskHandle
                0x20000154        0x4 ./Generated_Code/tasks.o
 .bss.uxSchedulerSuspended
                0x20000158        0x4 ./Generated_Code/tasks.o
 *(COMMON)
                0x2000015c                . = ALIGN (0x4)
                0x2000015c                __END_BSS = .
                0x2000015c                PROVIDE (__bss_end__, __END_BSS)
                0x00001b08                _romp_at = (___ROM_AT + SIZEOF (.data))

.romp           0x2000015c       0x18 load address 0x00001b08
                0x00001b08                __S_romp = _romp_at
                0x2000015c        0x4 LONG 0x1a9c ___ROM_AT
                0x20000160        0x4 LONG 0x1ffff000 _sdata
                0x20000164        0x4 LONG 0x6c ___data_size
                0x20000168        0x4 LONG 0x0
                0x2000016c        0x4 LONG 0x0
                0x20000170        0x4 LONG 0x0
                0x00020000                text_end = (ORIGIN (m_text) + 0x1fbf0)
                0x00001b20                data_init_end = ((___ROM_AT + SIZEOF (.data)) + SIZEOF (.romp))
                0x00000001                ASSERT ((data_init_end <= text_end), region m_text overflowed with text and data)

._user_heap_stack
                0x20000174      0x400 load address 0x00001b20
                0x20000174                . = ALIGN (0x4)
                0x20000174                PROVIDE (end, .)
                0x20000174                PROVIDE (_end, .)
                0x20000174                PROVIDE (__end__, .)
                0x20000174                __heap_addr = .
                0x20000174                __HeapBase = .
                0x20000174                . = (. + __heap_size)
                0x20000174                __HeapLimit = .
                0x20000574                . = (. + __stack_size)
 *fill*         0x20000174      0x400 
                0x20000574                . = ALIGN (0x4)

.ARM.attributes
                0x00000000       0x28
 *(.ARM.attributes)
 .ARM.attributes
                0x00000000       0x1e /opt/Freescale/KDS_v3/toolchain/bin/../lib/gcc/arm-none-eabi/4.8.4/armv6-m/crti.o
 .ARM.attributes
                0x0000001e       0x2c /opt/Freescale/KDS_v3/toolchain/bin/../lib/gcc/arm-none-eabi/4.8.4/armv6-m/crtbegin.o
 .ARM.attributes
                0x0000004a       0x1b /opt/Freescale/KDS_v3/toolchain/bin/../lib/gcc/arm-none-eabi/4.8.4/../../../../arm-none-eabi/lib/armv6-m/crt0.o
 .ARM.attributes
                0x00000065       0x32 ./Sources/Events.o
 .ARM.attributes
                0x00000097       0x32 ./Sources/HMI.o
 .ARM.attributes
                0x000000c9       0x32 ./Sources/frtos_tasks.o
 .ARM.attributes
                0x000000fb       0x32 ./Sources/main.o
 .ARM.attributes
                0x0000012d       0x32 ./Project_Settings/Startup_Code/startup.o
 .ARM.attributes
                0x0000015f       0x32 ./Generated_Code/BitIoLdd1.o
 .ARM.attributes
                0x00000191       0x32 ./Generated_Code/BitIoLdd2.o
 .ARM.attributes
                0x000001c3       0x32 ./Generated_Code/BitIoLdd3.o
 .ARM.attributes
                0x000001f5       0x32 ./Generated_Code/BitIoLdd4.o
 .ARM.attributes
                0x00000227       0x32 ./Generated_Code/Cpu.o
 .ARM.attributes
                0x00000259       0x32 ./Generated_Code/FRTOS1.o
 .ARM.attributes
                0x0000028b       0x32 ./Generated_Code/PE_LDD.o
 .ARM.attributes
                0x000002bd       0x32 ./Generated_Code/TSK1.o
 .ARM.attributes
                0x000002ef       0x32 ./Generated_Code/Vectors.o
 .ARM.attributes
                0x00000321       0x32 ./Generated_Code/heap_2.o
 .ARM.attributes
                0x00000353       0x32 ./Generated_Code/list.o
 .ARM.attributes
                0x00000385       0x32 ./Generated_Code/port.o
 .ARM.attributes
                0x000003b7       0x32 ./Generated_Code/tasks.o
 .ARM.attributes
                0x000003e9       0x2c /opt/Freescale/KDS_v3/toolchain/bin/../lib/gcc/arm-none-eabi/4.8.4/../../../../arm-none-eabi/lib/armv6-m/libg_s.a(lib_a-exit.o)
 .ARM.attributes
                0x00000415       0x2c /opt/Freescale/KDS_v3/toolchain/bin/../lib/gcc/arm-none-eabi/4.8.4/../../../../arm-none-eabi/lib/armv6-m/libg_s.a(lib_a-impure.o)
 .ARM.attributes
                0x00000441       0x2c /opt/Freescale/KDS_v3/toolchain/bin/../lib/gcc/arm-none-eabi/4.8.4/../../../../arm-none-eabi/lib/armv6-m/libg_s.a(lib_a-init.o)
 .ARM.attributes
                0x0000046d       0x2c /opt/Freescale/KDS_v3/toolchain/bin/../lib/gcc/arm-none-eabi/4.8.4/../../../../arm-none-eabi/lib/armv6-m/libg_s.a(lib_a-memset.o)
 .ARM.attributes
                0x00000499       0x2c /opt/Freescale/KDS_v3/toolchain/bin/../lib/gcc/arm-none-eabi/4.8.4/../../../../arm-none-eabi/lib/armv6-m/libnosys.a(_exit.o)
 .ARM.attributes
                0x000004c5       0x1e /opt/Freescale/KDS_v3/toolchain/bin/../lib/gcc/arm-none-eabi/4.8.4/armv6-m/crtn.o
OUTPUT(HMI_RTOS.elf elf32-littlearm)

.debug_info     0x00000000     0x3e11
 .debug_info    0x00000000      0x10e ./Sources/Events.o
 .debug_info    0x0000010e       0xff ./Sources/HMI.o
 .debug_info    0x0000020d      0x14b ./Sources/frtos_tasks.o
 .debug_info    0x00000358       0x9a ./Sources/main.o
 .debug_info    0x000003f2      0x20a ./Project_Settings/Startup_Code/startup.o
 .debug_info    0x000005fc      0x3b6 ./Generated_Code/BitIoLdd1.o
 .debug_info    0x000009b2      0x3b6 ./Generated_Code/BitIoLdd2.o
 .debug_info    0x00000d68      0x3b6 ./Generated_Code/BitIoLdd3.o
 .debug_info    0x0000111e      0x306 ./Generated_Code/BitIoLdd4.o
 .debug_info    0x00001424      0x7cc ./Generated_Code/Cpu.o
 .debug_info    0x00001bf0       0xd5 ./Generated_Code/FRTOS1.o
 .debug_info    0x00001cc5      0x251 ./Generated_Code/PE_LDD.o
 .debug_info    0x00001f16       0x96 ./Generated_Code/TSK1.o
 .debug_info    0x00001fac      0x10e ./Generated_Code/Vectors.o
 .debug_info    0x000020ba      0x300 ./Generated_Code/heap_2.o
 .debug_info    0x000023ba      0x2a8 ./Generated_Code/list.o
 .debug_info    0x00002662      0x253 ./Generated_Code/port.o
 .debug_info    0x000028b5     0x155c ./Generated_Code/tasks.o

.debug_abbrev   0x00000000     0x11d7
 .debug_abbrev  0x00000000       0x8b ./Sources/Events.o
 .debug_abbrev  0x0000008b       0xab ./Sources/HMI.o
 .debug_abbrev  0x00000136       0xd1 ./Sources/frtos_tasks.o
 .debug_abbrev  0x00000207       0x47 ./Sources/main.o
 .debug_abbrev  0x0000024e      0x11e ./Project_Settings/Startup_Code/startup.o
 .debug_abbrev  0x0000036c      0x15f ./Generated_Code/BitIoLdd1.o
 .debug_abbrev  0x000004cb      0x15f ./Generated_Code/BitIoLdd2.o
 .debug_abbrev  0x0000062a      0x15f ./Generated_Code/BitIoLdd3.o
 .debug_abbrev  0x00000789      0x10d ./Generated_Code/BitIoLdd4.o
 .debug_abbrev  0x00000896      0x14f ./Generated_Code/Cpu.o
 .debug_abbrev  0x000009e5       0x84 ./Generated_Code/FRTOS1.o
 .debug_abbrev  0x00000a69      0x10d ./Generated_Code/PE_LDD.o
 .debug_abbrev  0x00000b76       0x45 ./Generated_Code/TSK1.o
 .debug_abbrev  0x00000bbb       0xa4 ./Generated_Code/Vectors.o
 .debug_abbrev  0x00000c5f      0x171 ./Generated_Code/heap_2.o
 .debug_abbrev  0x00000dd0       0xc1 ./Generated_Code/list.o
 .debug_abbrev  0x00000e91      0x10c ./Generated_Code/port.o
 .debug_abbrev  0x00000f9d      0x23a ./Generated_Code/tasks.o

.debug_aranges  0x00000000      0x598
 .debug_aranges
                0x00000000       0x40 ./Sources/Events.o
 .debug_aranges
                0x00000040       0x20 ./Sources/HMI.o
 .debug_aranges
                0x00000060       0x28 ./Sources/frtos_tasks.o
 .debug_aranges
                0x00000088       0x20 ./Sources/main.o
 .debug_aranges
                0x000000a8       0x50 ./Project_Settings/Startup_Code/startup.o
 .debug_aranges
                0x000000f8       0x48 ./Generated_Code/BitIoLdd1.o
 .debug_aranges
                0x00000140       0x48 ./Generated_Code/BitIoLdd2.o
 .debug_aranges
                0x00000188       0x48 ./Generated_Code/BitIoLdd3.o
 .debug_aranges
                0x000001d0       0x28 ./Generated_Code/BitIoLdd4.o
 .debug_aranges
                0x000001f8       0x38 ./Generated_Code/Cpu.o
 .debug_aranges
                0x00000230       0x30 ./Generated_Code/FRTOS1.o
 .debug_aranges
                0x00000260       0x30 ./Generated_Code/PE_LDD.o
 .debug_aranges
                0x00000290       0x20 ./Generated_Code/TSK1.o
 .debug_aranges
                0x000002b0       0x18 ./Generated_Code/Vectors.o
 .debug_aranges
                0x000002c8       0x40 ./Generated_Code/heap_2.o
 .debug_aranges
                0x00000308       0x40 ./Generated_Code/list.o
 .debug_aranges
                0x00000348       0x90 ./Generated_Code/port.o
 .debug_aranges
                0x000003d8      0x1c0 ./Generated_Code/tasks.o

.debug_ranges   0x00000000      0x470
 .debug_ranges  0x00000000       0x30 ./Sources/Events.o
 .debug_ranges  0x00000030       0x10 ./Sources/HMI.o
 .debug_ranges  0x00000040       0x18 ./Sources/frtos_tasks.o
 .debug_ranges  0x00000058       0x10 ./Sources/main.o
 .debug_ranges  0x00000068       0x40 ./Project_Settings/Startup_Code/startup.o
 .debug_ranges  0x000000a8       0x38 ./Generated_Code/BitIoLdd1.o
 .debug_ranges  0x000000e0       0x38 ./Generated_Code/BitIoLdd2.o
 .debug_ranges  0x00000118       0x38 ./Generated_Code/BitIoLdd3.o
 .debug_ranges  0x00000150       0x18 ./Generated_Code/BitIoLdd4.o
 .debug_ranges  0x00000168       0x28 ./Generated_Code/Cpu.o
 .debug_ranges  0x00000190       0x20 ./Generated_Code/FRTOS1.o
 .debug_ranges  0x000001b0       0x20 ./Generated_Code/PE_LDD.o
 .debug_ranges  0x000001d0       0x10 ./Generated_Code/TSK1.o
 .debug_ranges  0x000001e0       0x30 ./Generated_Code/heap_2.o
 .debug_ranges  0x00000210       0x30 ./Generated_Code/list.o
 .debug_ranges  0x00000240       0x80 ./Generated_Code/port.o
 .debug_ranges  0x000002c0      0x1b0 ./Generated_Code/tasks.o

.debug_macro    0x00000000    0x14595
 .debug_macro   0x00000000      0x2e2 ./Sources/Events.o
 .debug_macro   0x000002e2      0x802 ./Sources/Events.o
 .debug_macro   0x00000ae4       0x16 ./Sources/Events.o
 .debug_macro   0x00000afa       0x44 ./Sources/Events.o
 .debug_macro   0x00000b3e      0x209 ./Sources/Events.o
 .debug_macro   0x00000d47     0x1584 ./Sources/Events.o
 .debug_macro   0x000022cb      0x14e ./Sources/Events.o
 .debug_macro   0x00002419       0x64 ./Sources/Events.o
 .debug_macro   0x0000247d     0x6691 ./Sources/Events.o
 .debug_macro   0x00008b0e       0x94 ./Sources/Events.o
 .debug_macro   0x00008ba2       0x94 ./Sources/Events.o
 .debug_macro   0x00008c36      0x12c ./Sources/Events.o
 .debug_macro   0x00008d62       0x46 ./Sources/Events.o
 .debug_macro   0x00008da8       0x26 ./Sources/Events.o
 .debug_macro   0x00008dce       0x4c ./Sources/Events.o
 .debug_macro   0x00008e1a       0x26 ./Sources/Events.o
 .debug_macro   0x00008e40       0x4c ./Sources/Events.o
 .debug_macro   0x00008e8c       0x26 ./Sources/Events.o
 .debug_macro   0x00008eb2       0x64 ./Sources/Events.o
 .debug_macro   0x00008f16       0xe2 ./Sources/Events.o
 .debug_macro   0x00008ff8      0x260 ./Sources/Events.o
 .debug_macro   0x00009258      0x166 ./Sources/Events.o
 .debug_macro   0x000093be      0x168 ./Sources/Events.o
 .debug_macro   0x00009526       0xe2 ./Sources/Events.o
 .debug_macro   0x00009608       0x10 ./Sources/Events.o
 .debug_macro   0x00009618       0x1f ./Sources/Events.o
 .debug_macro   0x00009637      0x36f ./Sources/Events.o
 .debug_macro   0x000099a6       0xc0 ./Sources/Events.o
 .debug_macro   0x00009a66       0x8c ./Sources/Events.o
 .debug_macro   0x00009af2       0x94 ./Sources/Events.o
 .debug_macro   0x00009b86       0x7f ./Sources/Events.o
 .debug_macro   0x00009c05       0x97 ./Sources/Events.o
 .debug_macro   0x00009c9c       0x19 ./Sources/Events.o
 .debug_macro   0x00009cb5      0x314 ./Sources/Events.o
 .debug_macro   0x00009fc9       0x58 ./Sources/Events.o
 .debug_macro   0x0000a021       0x35 ./Sources/Events.o
 .debug_macro   0x0000a056       0xa3 ./Sources/Events.o
 .debug_macro   0x0000a0f9       0x52 ./Sources/Events.o
 .debug_macro   0x0000a14b       0x16 ./Sources/Events.o
 .debug_macro   0x0000a161       0x43 ./Sources/Events.o
 .debug_macro   0x0000a1a4      0x180 ./Sources/Events.o
 .debug_macro   0x0000a324      0x2a6 ./Sources/Events.o
 .debug_macro   0x0000a5ca       0x10 ./Sources/Events.o
 .debug_macro   0x0000a5da       0x35 ./Sources/Events.o
 .debug_macro   0x0000a60f       0x19 ./Sources/Events.o
 .debug_macro   0x0000a628       0x34 ./Sources/Events.o
 .debug_macro   0x0000a65c       0xee ./Sources/HMI.o
 .debug_macro   0x0000a74a       0x46 ./Sources/HMI.o
 .debug_macro   0x0000a790       0x9a ./Sources/HMI.o
 .debug_macro   0x0000a82a       0x46 ./Sources/HMI.o
 .debug_macro   0x0000a870       0x4c ./Sources/HMI.o
 .debug_macro   0x0000a8bc      0x1b2 ./Sources/frtos_tasks.o
 .debug_macro   0x0000aa6e       0x2e ./Sources/frtos_tasks.o
 .debug_macro   0x0000aa9c      0x2e2 ./Sources/main.o
 .debug_macro   0x0000ad7e      0x121 ./Project_Settings/Startup_Code/startup.o
 .debug_macro   0x0000ae9f       0x4a ./Project_Settings/Startup_Code/startup.o
 .debug_macro   0x0000aee9       0x16 ./Project_Settings/Startup_Code/startup.o
 .debug_macro   0x0000aeff       0x22 ./Project_Settings/Startup_Code/startup.o
 .debug_macro   0x0000af21       0x10 ./Project_Settings/Startup_Code/startup.o
 .debug_macro   0x0000af31      0x20f ./Project_Settings/Startup_Code/startup.o
 .debug_macro   0x0000b140     0x6685 ./Project_Settings/Startup_Code/startup.o
 .debug_macro   0x000117c5      0x11e ./Generated_Code/BitIoLdd1.o
 .debug_macro   0x000118e3     0x157e ./Generated_Code/BitIoLdd1.o
 .debug_macro   0x00012e61      0x11e ./Generated_Code/BitIoLdd2.o
 .debug_macro   0x00012f7f      0x11e ./Generated_Code/BitIoLdd3.o
 .debug_macro   0x0001309d       0x46 ./Generated_Code/BitIoLdd3.o
 .debug_macro   0x000130e3      0x11e ./Generated_Code/BitIoLdd4.o
 .debug_macro   0x00013201      0x2fb ./Generated_Code/Cpu.o
 .debug_macro   0x000134fc      0x165 ./Generated_Code/FRTOS1.o
 .debug_macro   0x00013661       0x1c ./Generated_Code/FRTOS1.o
 .debug_macro   0x0001367d      0x2b2 ./Generated_Code/PE_LDD.o
 .debug_macro   0x0001392f      0x16e ./Generated_Code/TSK1.o
 .debug_macro   0x00013a9d      0x2f6 ./Generated_Code/Vectors.o
 .debug_macro   0x00013d93      0x1cd ./Generated_Code/heap_2.o
 .debug_macro   0x00013f60      0x192 ./Generated_Code/list.o
 .debug_macro   0x000140f2      0x20f ./Generated_Code/port.o
 .debug_macro   0x00014301      0x284 ./Generated_Code/tasks.o
 .debug_macro   0x00014585       0x10 ./Generated_Code/tasks.o

.debug_line     0x00000000     0x5336
 .debug_line    0x00000000      0x53a ./Sources/Events.o
 .debug_line    0x0000053a      0x2e8 ./Sources/HMI.o
 .debug_line    0x00000822      0x3f4 ./Sources/frtos_tasks.o
 .debug_line    0x00000c16      0x4f2 ./Sources/main.o
 .debug_line    0x00001108      0x3be ./Project_Settings/Startup_Code/startup.o
 .debug_line    0x000014c6      0x376 ./Generated_Code/BitIoLdd1.o
 .debug_line    0x0000183c      0x376 ./Generated_Code/BitIoLdd2.o
 .debug_line    0x00001bb2      0x377 ./Generated_Code/BitIoLdd3.o
 .debug_line    0x00001f29      0x328 ./Generated_Code/BitIoLdd4.o
 .debug_line    0x00002251      0x650 ./Generated_Code/Cpu.o
 .debug_line    0x000028a1      0x337 ./Generated_Code/FRTOS1.o
 .debug_line    0x00002bd8      0x4f6 ./Generated_Code/PE_LDD.o
 .debug_line    0x000030ce      0x346 ./Generated_Code/TSK1.o
 .debug_line    0x00003414      0x5e2 ./Generated_Code/Vectors.o
 .debug_line    0x000039f6      0x3e4 ./Generated_Code/heap_2.o
 .debug_line    0x00003dda      0x39f ./Generated_Code/list.o
 .debug_line    0x00004179      0x403 ./Generated_Code/port.o
 .debug_line    0x0000457c      0xdba ./Generated_Code/tasks.o

.debug_str      0x00000000    0x3a6a4
 .debug_str     0x00000000    0x37a4d ./Sources/Events.o
                              0x37f5d (size before relaxing)
 .debug_str     0x00037a4d       0xb3 ./Sources/HMI.o
                              0x2d1f4 (size before relaxing)
 .debug_str     0x00037b00       0x66 ./Sources/frtos_tasks.o
                              0x353ca (size before relaxing)
 .debug_str     0x00037b66       0x17 ./Sources/main.o
                              0x37eb3 (size before relaxing)
 .debug_str     0x00037b7d      0x1a6 ./Project_Settings/Startup_Code/startup.o
                              0x27303 (size before relaxing)
 .debug_str     0x00037d23      0x185 ./Generated_Code/BitIoLdd1.o
                              0x3067b (size before relaxing)
 .debug_str     0x00037ea8       0xb1 ./Generated_Code/BitIoLdd2.o
                              0x3067b (size before relaxing)
 .debug_str     0x00037f59       0xb1 ./Generated_Code/BitIoLdd3.o
                              0x30675 (size before relaxing)
 .debug_str     0x0003800a       0x6d ./Generated_Code/BitIoLdd4.o
                              0x305b3 (size before relaxing)
 .debug_str     0x00038077      0x288 ./Generated_Code/Cpu.o
                              0x38186 (size before relaxing)
 .debug_str     0x000382ff       0xf4 ./Generated_Code/FRTOS1.o
                              0x344e0 (size before relaxing)
 .debug_str     0x000383f3      0x17e ./Generated_Code/PE_LDD.o
                              0x38067 (size before relaxing)
 .debug_str     0x00038571       0x2a ./Generated_Code/TSK1.o
                              0x3441d (size before relaxing)
 .debug_str     0x0003859b       0x1c ./Generated_Code/Vectors.o
                              0x37f05 (size before relaxing)
 .debug_str     0x000385b7      0x39d ./Generated_Code/heap_2.o
                              0x31a4b (size before relaxing)
 .debug_str     0x00038954      0x124 ./Generated_Code/list.o
                              0x311f2 (size before relaxing)
 .debug_str     0x00038a78      0x922 ./Generated_Code/port.o
                              0x30cb5 (size before relaxing)
 .debug_str     0x0003939a     0x130a ./Generated_Code/tasks.o
                              0x3422a (size before relaxing)

.comment        0x00000000       0x70
 .comment       0x00000000       0x70 ./Sources/Events.o
                                 0x71 (size before relaxing)
 .comment       0x00000000       0x71 ./Sources/HMI.o
 .comment       0x00000000       0x71 ./Sources/frtos_tasks.o
 .comment       0x00000000       0x71 ./Sources/main.o
 .comment       0x00000000       0x71 ./Project_Settings/Startup_Code/startup.o
 .comment       0x00000000       0x71 ./Generated_Code/BitIoLdd1.o
 .comment       0x00000000       0x71 ./Generated_Code/BitIoLdd2.o
 .comment       0x00000000       0x71 ./Generated_Code/BitIoLdd3.o
 .comment       0x00000000       0x71 ./Generated_Code/BitIoLdd4.o
 .comment       0x00000000       0x71 ./Generated_Code/Cpu.o
 .comment       0x00000000       0x71 ./Generated_Code/FRTOS1.o
 .comment       0x00000000       0x71 ./Generated_Code/PE_LDD.o
 .comment       0x00000000       0x71 ./Generated_Code/TSK1.o
 .comment       0x00000000       0x71 ./Generated_Code/Vectors.o
 .comment       0x00000000       0x71 ./Generated_Code/heap_2.o
 .comment       0x00000000       0x71 ./Generated_Code/list.o
 .comment       0x00000000       0x71 ./Generated_Code/port.o
 .comment       0x00000000       0x71 ./Generated_Code/tasks.o

.debug_frame    0x00000000     0x1080
 .debug_frame   0x00000000       0xa0 ./Sources/Events.o
 .debug_frame   0x000000a0       0x30 ./Sources/HMI.o
 .debug_frame   0x000000d0       0x50 ./Sources/frtos_tasks.o
 .debug_frame   0x00000120       0x2c ./Sources/main.o
 .debug_frame   0x0000014c       0xd0 ./Project_Settings/Startup_Code/startup.o
 .debug_frame   0x0000021c       0xd0 ./Generated_Code/BitIoLdd1.o
 .debug_frame   0x000002ec       0xd0 ./Generated_Code/BitIoLdd2.o
 .debug_frame   0x000003bc       0xd0 ./Generated_Code/BitIoLdd3.o
 .debug_frame   0x0000048c       0x50 ./Generated_Code/BitIoLdd4.o
 .debug_frame   0x000004dc       0x80 ./Generated_Code/Cpu.o
 .debug_frame   0x0000055c       0x64 ./Generated_Code/FRTOS1.o
 .debug_frame   0x000005c0       0x6c ./Generated_Code/PE_LDD.o
 .debug_frame   0x0000062c       0x2c ./Generated_Code/TSK1.o
 .debug_frame   0x00000658       0xa8 ./Generated_Code/heap_2.o
 .debug_frame   0x00000700       0xb0 ./Generated_Code/list.o
 .debug_frame   0x000007b0      0x1a4 ./Generated_Code/port.o
 .debug_frame   0x00000954      0x698 ./Generated_Code/tasks.o
 .debug_frame   0x00000fec       0x28 /opt/Freescale/KDS_v3/toolchain/bin/../lib/gcc/arm-none-eabi/4.8.4/../../../../arm-none-eabi/lib/armv6-m/libg_s.a(lib_a-exit.o)
 .debug_frame   0x00001014       0x2c /opt/Freescale/KDS_v3/toolchain/bin/../lib/gcc/arm-none-eabi/4.8.4/../../../../arm-none-eabi/lib/armv6-m/libg_s.a(lib_a-init.o)
 .debug_frame   0x00001040       0x20 /opt/Freescale/KDS_v3/toolchain/bin/../lib/gcc/arm-none-eabi/4.8.4/../../../../arm-none-eabi/lib/armv6-m/libg_s.a(lib_a-memset.o)
 .debug_frame   0x00001060       0x20 /opt/Freescale/KDS_v3/toolchain/bin/../lib/gcc/arm-none-eabi/4.8.4/../../../../arm-none-eabi/lib/armv6-m/libnosys.a(_exit.o)
